Parsing OK. Visitando...
DEBUG: Criado escopo 846093638 para FOR (pai: 1057796611)
DEBUG: Visitando varDecl do FOR
DEBUG: Entrando em visitVarDecl. Declarators: 1
DEBUG: Visitando VarDecl 'i' no escopo 846093638. Definido localmente? false
DEBUG: Entrando em visitVarDecl. Declarators: 1
DEBUG: Visitando VarDecl 'i' no escopo 846093638. Definido localmente? true
Erro Sem├óntico: Exception: Erro Sem├óntico: Vari├ível 'i' j├í declarada neste escopo.
